[html.themeholy.com/edmate/assignment.html]
[backblue.gif]
[fade.gif]
[index.html]
[html.themeholy.com/edmate/assets/images/logo/favicon.png]
[html.themeholy.com/edmate/assets/css/bootstrap.min.css]
[html.themeholy.com/edmate/assets/css/file-upload.css]
[html.themeholy.com/edmate/assets/css/plyr.css]
[cdn.datatables.net/2.0.8/css/dataTables.dataTables.min.css]
[html.themeholy.com/edmate/assets/css/full-calendar.css]
[html.themeholy.com/edmate/assets/css/jquery-ui.css]
[html.themeholy.com/edmate/assets/css/editor-quill.css]
[html.themeholy.com/edmate/assets/css/apexcharts.css]
[html.themeholy.com/edmate/assets/css/calendar.css]
[html.themeholy.com/edmate/assets/css/jquery-jvectormap-2.0.5.css]
[html.themeholy.com/edmate/assets/css/main.css]
[html.themeholy.com/edmate/index.html]
[html.themeholy.com/edmate/assets/images/logo/logo.png]
[html.themeholy.com/edmate/index-2.html]
[html.themeholy.com/edmate/index-3.html]
[html.themeholy.com/edmate/student-courses.html]
[html.themeholy.com/edmate/mentor-courses.html]
[html.themeholy.com/edmate/create-course.html]
[html.themeholy.com/edmate/students.html]
[html.themeholy.com/edmate/mentors.html]
[html.themeholy.com/edmate/resources.html]
[html.themeholy.com/edmate/message.html]
[html.themeholy.com/edmate/analytics.html]
[html.themeholy.com/edmate/event.html]
[html.themeholy.com/edmate/library.html]
[html.themeholy.com/edmate/pricing-plan.html]
[html.themeholy.com/edmate/setting.html]
[html.themeholy.com/edmate/sign-in.html]
[html.themeholy.com/edmate/sign-up.html]
[html.themeholy.com/edmate/forgot-password.html]
[html.themeholy.com/edmate/reset-password.html]
[html.themeholy.com/edmate/verify-email.html]
[html.themeholy.com/edmate/two-step-verification.html]
[html.themeholy.com/edmate/assets/images/icons/certificate.png]
[html.themeholy.com/edmate/assets/images/thumbs/notification-img1.png]
[html.themeholy.com/edmate/assets/images/icons/google-drive.png]
[html.themeholy.com/edmate/assets/images/thumbs/notification-img2.png]
[html.themeholy.com/edmate/assets/images/thumbs/flag1.png]
[html.themeholy.com/edmate/assets/images/thumbs/flag2.png]
[html.themeholy.com/edmate/assets/images/thumbs/flag3.png]
[html.themeholy.com/edmate/assets/images/thumbs/flag4.png]
[html.themeholy.com/edmate/assets/images/thumbs/user-img.png]
[html.themeholy.com/edmate/email.html]
[html.themeholy.com/edmate/assets/images/thumbs/student-img1.png]
[html.themeholy.com/edmate/assets/images/thumbs/student-img2.png]
[html.themeholy.com/edmate/assets/images/thumbs/student-img3.png]
[html.themeholy.com/edmate/assets/images/thumbs/student-img4.png]
[html.themeholy.com/edmate/assets/images/thumbs/student-img5.png]
[html.themeholy.com/edmate/assets/js/jquery-3.7.1.min.js]
[html.themeholy.com/edmate/assets/js/boostrap.bundle.min.js]
[html.themeholy.com/edmate/assets/js/phosphor-icon.js]
[html.themeholy.com/edmate/assets/js/file-upload.js]
[cdn.datatables.net/2.0.8/js/dataTables.min.js]
[html.themeholy.com/edmate/assets/js/plyr.js]
[html.themeholy.com/edmate/assets/js/full-calendar.js]
[html.themeholy.com/edmate/assets/js/jquery-ui.js]
[html.themeholy.com/edmate/assets/js/editor-quill.js]
[html.themeholy.com/edmate/assets/js/jquery-jvectormap-2.0.5.min.js]
[html.themeholy.com/edmate/assets/js/apexcharts.min.js]
[html.themeholy.com/edmate/assets/js/jquery-jvectormap-world-mill-en.js]
[html.themeholy.com/edmate/assignment.html]
[html.themeholy.com/edmate/assets/css/bootstrap.min.css]
[html.themeholy.com/edmate/assets/css/file-upload.css]
[html.themeholy.com/edmate/assets/css/plyr.css]
[cdn.datatables.net/2.0.8/css/dataTables.dataTables.min.css]
[html.themeholy.com/edmate/assets/css/full-calendar.css]
[html.themeholy.com/edmate/assets/js/main.js]
[html.themeholy.com/edmate/assets/css/jquery-ui.css]
[html.themeholy.com/edmate/assets/css/editor-quill.css]
[html.themeholy.com/edmate/assets/css/apexcharts.css]
[html.themeholy.com/edmate/assets/css/calendar.css]
[html.themeholy.com/edmate/assets/css/jquery-jvectormap-2.0.5.css]
[html.themeholy.com/edmate/assets/css/main.css]
[html.themeholy.com/edmate/course-details.html]
[html.themeholy.com/edmate/assets/images/thumbs/course-img1.png]
[html.themeholy.com/edmate/assets/images/thumbs/user-img1.png]
[html.themeholy.com/edmate/assets/images/thumbs/course-img5.png]
[html.themeholy.com/edmate/assets/images/thumbs/user-img5.png]
[html.themeholy.com/edmate/assets/images/thumbs/course-img6.png]
[html.themeholy.com/edmate/assets/images/thumbs/user-img6.png]
[html.themeholy.com/edmate/index.html]
[html.themeholy.com/edmate/assets/images/bg/grettings-pattern.png]
[html.themeholy.com/edmate/assets/images/thumbs/gretting-img.png]
[html.themeholy.com/edmate/assets/images/icons/course-name-icon1.png]
[html.themeholy.com/edmate/assets/images/icons/course-name-icon2.png]
[html.themeholy.com/edmate/assets/images/icons/course-name-icon3.png]
[html.themeholy.com/edmate/assets/images/icons/course-name-icon4.png]
[html.themeholy.com/edmate/index-2.html]
[html.themeholy.com/edmate/assets/images/icons/wave-hand.png]
[html.themeholy.com/edmate/assets/images/thumbs/gretting-thumb.png]
[html.themeholy.com/edmate/assets/images/bg/star-shape.png]
[html.themeholy.com/edmate/index-3.html]
[html.themeholy.com/edmate/live-class.html]
[html.themeholy.com/edmate/assets/images/thumbs/course-img2.png]
[html.themeholy.com/edmate/assets/images/thumbs/user-img2.png]
[html.themeholy.com/edmate/assets/images/thumbs/course-img3.png]
[html.themeholy.com/edmate/assets/images/thumbs/user-img3.png]
[html.themeholy.com/edmate/assets/images/thumbs/course-img4.png]
[html.themeholy.com/edmate/assets/images/thumbs/user-img4.png]
[html.themeholy.com/edmate/assets/images/thumbs/course-img7.png]
[html.themeholy.com/edmate/assets/images/thumbs/user-img7.png]
[html.themeholy.com/edmate/assets/images/thumbs/course-img8.png]
[html.themeholy.com/edmate/assets/images/thumbs/user-img8.png]
[html.themeholy.com/edmate/assets/images/thumbs/course-img9.png]
[html.themeholy.com/edmate/assets/images/thumbs/user-img9.png]
[html.themeholy.com/edmate/student-courses.html]
[html.themeholy.com/edmate/mentor-courses.html]
[html.themeholy.com/edmate/create-course.html]
[html.themeholy.com/edmate/upload-videos.html]
[html.themeholy.com/edmate/students.html]
[html.themeholy.com/edmate/assets/images/thumbs/mentor-cover-img1.png]
[html.themeholy.com/edmate/assets/images/thumbs/mentor-img1.png]
[html.themeholy.com/edmate/assets/images/thumbs/mentor-cover-img2.png]
[html.themeholy.com/edmate/assets/images/thumbs/mentor-img2.png]
[html.themeholy.com/edmate/assets/images/thumbs/mentor-cover-img3.png]
[html.themeholy.com/edmate/assets/images/thumbs/mentor-img3.png]
[html.themeholy.com/edmate/assets/images/thumbs/mentor-cover-img4.png]
[html.themeholy.com/edmate/assets/images/thumbs/mentor-img4.png]
[html.themeholy.com/edmate/assets/images/thumbs/mentor-cover-img5.png]
[html.themeholy.com/edmate/assets/images/thumbs/mentor-img5.png]
[html.themeholy.com/edmate/assets/images/thumbs/mentor-cover-img6.png]
[html.themeholy.com/edmate/assets/images/thumbs/mentor-img6.png]
[html.themeholy.com/edmate/assets/images/thumbs/mentor-cover-img7.png]
[html.themeholy.com/edmate/assets/images/thumbs/mentor-img7.png]
[html.themeholy.com/edmate/assets/images/thumbs/mentor-cover-img8.png]
[html.themeholy.com/edmate/assets/images/thumbs/mentor-img8.png]
[html.themeholy.com/edmate/assets/images/thumbs/mentor-cover-img9.png]
[html.themeholy.com/edmate/assets/images/thumbs/mentor-img9.png]
[html.themeholy.com/edmate/assets/images/thumbs/mentor-cover-img10.png]
[html.themeholy.com/edmate/assets/images/thumbs/mentor-img10.png]
[html.themeholy.com/edmate/assets/images/thumbs/mentor-cover-img11.png]
[html.themeholy.com/edmate/assets/images/thumbs/mentor-img11.png]
[html.themeholy.com/edmate/assets/images/thumbs/mentor-cover-img12.png]
[html.themeholy.com/edmate/assets/images/thumbs/mentor-img12.png]
[html.themeholy.com/edmate/mentors.html]
[html.themeholy.com/edmate/assets/images/icons/file-icon1.png]
[html.themeholy.com/edmate/assets/images/icons/file-icon2.png]
[html.themeholy.com/edmate/assets/images/icons/file-icon3.png]
[html.themeholy.com/edmate/assets/images/icons/file-icon4.png]
[html.themeholy.com/edmate/assets/images/icons/file-icon-sm1.png]
[html.themeholy.com/edmate/assets/images/icons/file-icon-sm4.png]
[html.themeholy.com/edmate/assets/images/icons/file-icon-sm3.png]
[html.themeholy.com/edmate/assets/images/icons/file-icon-sm2.png]
[html.themeholy.com/edmate/resources.html]
[html.themeholy.com/edmate/assets/images/thumbs/avatar-img1.png]
[html.themeholy.com/edmate/assets/images/thumbs/avatar-img2.png]
[html.themeholy.com/edmate/assets/images/thumbs/avatar-img3.png]
[html.themeholy.com/edmate/assets/images/thumbs/avatar-img4.png]
[html.themeholy.com/edmate/assets/images/thumbs/avatar-img5.png]
[html.themeholy.com/edmate/assets/images/thumbs/avatar-img6.png]
[html.themeholy.com/edmate/assets/images/thumbs/avatar-img7.png]
[html.themeholy.com/edmate/assets/images/thumbs/avatar-img8.png]
[html.themeholy.com/edmate/assets/images/thumbs/avatar-img9.png]
[html.themeholy.com/edmate/assets/images/thumbs/avatar-img10.png]
[html.themeholy.com/edmate/message.html]
[html.themeholy.com/edmate/analytics.html]
[html.themeholy.com/edmate/event.html]
[cdnjs.cloudflare.com/ajax/libs/jqueryui/1.13.3/jquery-ui.min.js]
[html.themeholy.com/edmate/assets/images/thumbs/library-img1.png]
[html.themeholy.com/edmate/assets/images/thumbs/library-img2.png]
[html.themeholy.com/edmate/assets/images/thumbs/library-img3.png]
[html.themeholy.com/edmate/assets/images/thumbs/library-img4.png]
[html.themeholy.com/edmate/assets/images/thumbs/library-img5.png]
[html.themeholy.com/edmate/assets/images/thumbs/library-img6.png]
[html.themeholy.com/edmate/assets/images/thumbs/library-img7.png]
[html.themeholy.com/edmate/assets/images/thumbs/library-img8.png]
[html.themeholy.com/edmate/library.html]
[html.themeholy.com/edmate/pricing-plan.html]
[html.themeholy.com/edmate/assets/images/thumbs/setting-cover-img.png]
[html.themeholy.com/edmate/assets/images/thumbs/setting-profile-img.jpg]
[html.themeholy.com/edmate/assets/images/thumbs/recent-post-img1.png]
[html.themeholy.com/edmate/assets/images/thumbs/recent-post-img2.png]
[html.themeholy.com/edmate/assets/images/thumbs/payment-method1.png]
[html.themeholy.com/edmate/assets/images/thumbs/payment-method2.png]
[html.themeholy.com/edmate/assets/images/thumbs/invoice-logo1.png]
[html.themeholy.com/edmate/assets/images/thumbs/invoice-logo2.png]
[html.themeholy.com/edmate/assets/images/thumbs/invoice-logo4.png]
[html.themeholy.com/edmate/setting.html]
[html.themeholy.com/edmate/assets/images/thumbs/auth-img1.png]
[html.themeholy.com/edmate/sign-in.html]
[html.themeholy.com/edmate/assets/images/thumbs/auth-img2.png]
[html.themeholy.com/edmate/sign-up.html]
[html.themeholy.com/edmate/assets/images/thumbs/auth-img3.png]
[html.themeholy.com/edmate/forgot-password.html]
[html.themeholy.com/edmate/reset-password.html]
[html.themeholy.com/edmate/assets/images/thumbs/auth-img4.png]
[html.themeholy.com/edmate/verify-email.html]
[html.themeholy.com/edmate/assets/images/thumbs/auth-img5.png]
[html.themeholy.com/edmate/two-step-verification.html]
[html.themeholy.com/edmate/starred.html]
[html.themeholy.com/edmate/veiw-details.html]
[html.themeholy.com/edmate/email.html]
[html.themeholy.com/edmate/assets/css/images/ui-icons_444444_256x240.html]
[html.themeholy.com/edmate/assets/css/images/ui-icons_555555_256x240.html]
[html.themeholy.com/edmate/assets/css/images/ui-icons_ffffff_256x240.html]
[html.themeholy.com/edmate/assets/css/images/ui-icons_777620_256x240.html]
[html.themeholy.com/edmate/assets/css/images/ui-icons_cc0000_256x240.html]
[html.themeholy.com/edmate/assets/css/images/ui-icons_777777_256x240.html]
[html.themeholy.com/edmate/assets/images/thumbs/course-details.png]
[html.themeholy.com/edmate/assets/images/thumbs/featured-course.png]
[html.themeholy.com/edmate/course-details.html]
[html.themeholy.com/edmate/profile.html]
[html.themeholy.com/edmate/assets/images/thumbs/live-class.png]
[html.themeholy.com/edmate/live-class.html]
[html.themeholy.com/edmate/assets/images/thumbs/upload-video-img1.png]
[html.themeholy.com/edmate/assets/images/thumbs/upload-video-img2.png]
[html.themeholy.com/edmate/assets/images/thumbs/upload-video-img3.png]
[html.themeholy.com/edmate/upload-videos.html]
[html.themeholy.com/edmate/starred.html]
[html.themeholy.com/edmate/veiw-details.html]
[html.themeholy.com/edmate/about-course.html]
[html.themeholy.com/edmate/about-course.html]
[html.themeholy.com/edmate/create-quiz.html]
[html.themeholy.com/edmate/publish-course.html]
[html.themeholy.com/edmate/create-quiz.html]
[html.themeholy.com/edmate/assets/images/thumbs/course-publish-img.png]
[html.themeholy.com/edmate/publish-course.html]
